 FunctionOverloading

 Timestamp is 64068cee (Mon Mar  6 17:01:34 2023)

 Preferred load address is 00400000

 Start         Length     Name                   Class
 0001:00000000 00010000H .textbss                DATA
 0002:00000000 000066e0H .text$mn                CODE
 0002:000066e0 000010f0H .text$x                 CODE
 0003:00000000 00000104H .CRT$XCA                DATA
 0003:00000104 00000104H .CRT$XCAA               DATA
 0003:00000208 00000104H .CRT$XCZ                DATA
 0003:0000030c 00000104H .CRT$XIA                DATA
 0003:00000410 00000104H .CRT$XIAA               DATA
 0003:00000514 00000104H .CRT$XIAC               DATA
 0003:00000618 00000104H .CRT$XIZ                DATA
 0003:0000071c 00000104H .CRT$XPA                DATA
 0003:00000820 00000104H .CRT$XPZ                DATA
 0003:00000924 00000104H .CRT$XTA                DATA
 0003:00000a28 00000108H .CRT$XTZ                DATA
 0003:00000b30 00000c50H .rdata                  DATA
 0003:00001780 00000104H .rdata$CastGuardVftablesA DATA
 0003:00001884 00000104H .rdata$CastGuardVftablesC DATA
 0003:00001988 0000018cH .rdata$zzzdbg           DATA
 0003:00001b14 00000104H .rtc$IAA                DATA
 0003:00001c18 0000010cH .rtc$IMZ                DATA
 0003:00001d24 00000104H .rtc$IZZ                DATA
 0003:00001e28 00000104H .rtc$TAA                DATA
 0003:00001f2c 0000010cH .rtc$TMZ                DATA
 0003:00002038 00000108H .rtc$TZZ                DATA
 0003:00002140 00000272H .xdata$x                DATA
 0003:000023b2 00000000H .edata                  DATA
 0004:00000000 00000140H .data                   DATA
 0004:00000140 00000464H .bss                    DATA
 0005:00000000 00000244H .idata$5                DATA
 0005:00000244 00000050H .idata$2                DATA
 0005:00000294 00000014H .idata$3                DATA
 0005:000002a8 00000244H .idata$4                DATA
 0005:000004ec 00000ba5H .idata$6                DATA
 0006:00000000 0000013dH .msvcjmc                DATA
 0007:00000000 00000109H .00cfg                  DATA
 0008:00000000 00000170H .rsrc$01                DATA
 0008:00000170 000002ccH .rsrc$02                DATA

  Address         Publics by Value              Rva+Base       Lib:Object

 0000:00000000       ___hybrid_auxiliary_iat_copy 00000000     <absolute>
 0000:00000000       ___guard_fids_table        00000000     <absolute>
 0000:00000000       ___enclave_config          00000000     <absolute>
 0000:00000000       ___arm64x_redirection_metadata_count 00000000     <absolute>
 0000:00000000       ___guard_check_icall_a64n_fptr 00000000     <absolute>
 0000:00000000       ___guard_longjmp_count     00000000     <absolute>
 0000:00000000       ___safe_se_handler_count   00000000     <absolute>
 0000:00000000       ___guard_iat_table         00000000     <absolute>
 0000:00000000       ___x64_code_ranges_to_entry_points_count 00000000     <absolute>
 0000:00000000       ___guard_iat_count         00000000     <absolute>
 0000:00000000       ___guard_eh_cont_table     00000000     <absolute>
 0000:00000000       ___guard_fids_count        00000000     <absolute>
 0000:00000000       ___safe_se_handler_table   00000000     <absolute>
 0000:00000000       ___arm64x_native_entrypoint 00000000     <absolute>
 0000:00000000       ___guard_longjmp_table     00000000     <absolute>
 0000:00000000       ___volatile_metadata       00000000     <absolute>
 0000:00000000       ___arm64x_extra_rfe_table  00000000     <absolute>
 0000:00000000       ___arm64x_redirection_metadata 00000000     <absolute>
 0000:00000000       ___guard_eh_cont_count     00000000     <absolute>
 0000:00000000       ___hybrid_code_map_count   00000000     <absolute>
 0000:00000000       ___x64_code_ranges_to_entry_points 00000000     <absolute>
 0000:00000000       ___hybrid_code_map         00000000     <absolute>
 0000:00000000       ___arm64x_extra_rfe_table_size 00000000     <absolute>
 0000:00000000       ___hybrid_auxiliary_iat    00000000     <absolute>
 0000:00000000       ___AbsoluteZero            00000000     <absolute>
 0000:00000000       ___dynamic_value_reloc_table 00000000     <absolute>
 0000:00000100       ___guard_flags             00000100     <absolute>
 0000:00000000       ___ImageBase               00400000     <linker-defined>
 0001:00000000       __enc$textbss$begin        00401000     <linker-defined>
 0001:00010000       __enc$textbss$end          00411000     <linker-defined>
 0002:000008a0       ?Add@@YAHHH@Z              004118a0 f   func.obj
 0002:000008f0       _Add                       004118f0 f   func.obj
 0002:00000960       _Print                     00411960 f   func.obj
 0002:000009b0       __JustMyCode_Default       004119b0 f i func.obj
 0002:000009c0       ??$?6U?$char_traits@D@std@@@std@@YAAAV?$basic_ostream@DU?$char_traits@D@std@@@0@AAV10@PBD@Z 004119c0 f i Source.obj
 0002:00000fa0       ??$endl@DU?$char_traits@D@std@@@std@@YAAAV?$basic_ostream@DU?$char_traits@D@std@@@0@AAV10@@Z 00411fa0 f i Source.obj
 0002:00001040       ??0_Sentry_base@?$basic_ostream@DU?$char_traits@D@std@@@std@@QAE@AAV12@@Z 00412040 f i Source.obj
 0002:00001100       ??0sentry@?$basic_ostream@DU?$char_traits@D@std@@@std@@QAE@AAV12@@Z 00412100 f i Source.obj
 0002:00001270       ??1_Sentry_base@?$basic_ostream@DU?$char_traits@D@std@@@std@@QAE@XZ 00412270 f i Source.obj
 0002:00001360       ??1sentry@?$basic_ostream@DU?$char_traits@D@std@@@std@@QAE@XZ 00412360 f i Source.obj
 0002:00001450       ??Bsentry@?$basic_ostream@DU?$char_traits@D@std@@@std@@QBE_NXZ 00412450 f i Source.obj
 0002:000014b0       ?CreateWindow@@YAXPBDHHHH@Z 004124b0 f   Source.obj
 0002:00001680       ?Square@@YAHH@Z            00412680 f i Source.obj
 0002:000016d0       ?__empty_global_delete@@YAXPAX@Z 004126d0 f i Source.obj
 0002:00001720       ?__empty_global_delete@@YAXPAXI@Z 00412720 f i Source.obj
 0002:00001770       ?eof@?$_Narrow_char_traits@DH@std@@SAHXZ 00412770 f i Source.obj
 0002:000017c0       ?eq_int_type@?$_Narrow_char_traits@DH@std@@SA_NABH0@Z 004127c0 f i Source.obj
 0002:00001840       ?length@?$_Narrow_char_traits@DH@std@@SAIQBD@Z 00412840 f i Source.obj
 0002:000018a0       _main                      004128a0 f   Source.obj
 0002:00001950       @__CheckForDebuggerJustMyCode@4 00412950 f   MSVCRTD:debugger_jmc.obj
 0002:000019a0       @_RTC_AllocaHelper@12      004129a0 f   MSVCRTD:stack.obj
 0002:000019e0       @_RTC_CheckStackVars2@12   004129e0 f   MSVCRTD:stack.obj
 0002:00001af0       @_RTC_CheckStackVars@8     00412af0 f   MSVCRTD:stack.obj
 0002:00001b60       __RTC_CheckEsp             00412b60 f   MSVCRTD:stack.obj
 0002:00001b90       __CRT_RTC_INIT             00412b90 f   MSVCRTD:init.obj
 0002:00001ba0       __CRT_RTC_INITW            00412ba0 f   MSVCRTD:init.obj
 0002:00001bb0       __RTC_InitBase             00412bb0 f   MSVCRTD:init.obj
 0002:00001bf0       __RTC_Shutdown             00412bf0 f   MSVCRTD:init.obj
 0002:00001c10       @__security_check_cookie@4 00412c10 f   MSVCRTD:secchk.obj
 0002:00002000       ?configure_argv@__scrt_narrow_argv_policy@@SAHXZ 00413000 f i MSVCRTD:exe_main.obj
 0002:00002020       ?initialize_environment@__scrt_narrow_environment_policy@@SAHXZ 00413020 f i MSVCRTD:exe_main.obj
 0002:00002080       ?set_app_type@__scrt_main_policy@@SAXXZ 00413080 f i MSVCRTD:exe_main.obj
 0002:000020a0       ?set_commode@__scrt_file_policy@@SAXXZ 004130a0 f i MSVCRTD:exe_main.obj
 0002:000020c0       ?set_fmode@__scrt_file_policy@@SAXXZ 004130c0 f i MSVCRTD:exe_main.obj
 0002:000020e0       _mainCRTStartup            004130e0 f   MSVCRTD:exe_main.obj
 0002:000021a0       ?_RTC_AllocaFailure@@YAXPAXPAU_RTC_ALLOCA_NODE@@H@Z 004131a0 f   MSVCRTD:error.obj
 0002:000022c0       ?_RTC_Failure@@YAXPAXH@Z   004132c0 f   MSVCRTD:error.obj
 0002:00002330       ?_RTC_StackFailure@@YAXPAXPBD@Z 00413330 f   MSVCRTD:error.obj
 0002:000027e0       __RTC_UninitUse            004137e0 f   MSVCRTD:error.obj
 0002:000028c0       ___local_stdio_printf_options 004138c0 f i MSVCRTD:error.obj
 0002:000028d0       __vsprintf_s_l             004138d0 f i MSVCRTD:error.obj
 0002:00002910       _sprintf_s                 00413910 f i MSVCRTD:error.obj
 0002:00002940       ?_RTC_GetErrorFunc@@YAP6AHHPBDH00ZZPBX@Z 00413940 f   MSVCRTD:userapi.obj
 0002:00002950       ?_RTC_GetErrorFuncW@@YAP6AHHPB_WH00ZZPBX@Z 00413950 f   MSVCRTD:userapi.obj
 0002:00002960       __RTC_GetErrDesc           00413960 f   MSVCRTD:userapi.obj
 0002:00002980       __RTC_NumErrors            00413980 f   MSVCRTD:userapi.obj
 0002:00002990       __RTC_SetErrorFunc         00413990 f   MSVCRTD:userapi.obj
 0002:000029c0       __RTC_SetErrorFuncW        004139c0 f   MSVCRTD:userapi.obj
 0002:000029f0       __RTC_SetErrorType         004139f0 f   MSVCRTD:userapi.obj
 0002:00002a20       ___raise_securityfailure   00413a20 f   MSVCRTD:gs_report.obj
 0002:00002a60       ___report_gsfailure        00413a60 f   MSVCRTD:gs_report.obj
 0002:00002bb0       ___report_rangecheckfailure 00413bb0 f   MSVCRTD:gs_report.obj
 0002:00002bc0       ___report_securityfailure  00413bc0 f   MSVCRTD:gs_report.obj
 0002:00002cd0       ___report_securityfailureEx 00413cd0 f   MSVCRTD:gs_report.obj
 0002:00002f80       _NtCurrentTeb              00413f80 f i MSVCRTD:utility.obj
 0002:00002f90       ___scrt_acquire_startup_lock 00413f90 f   MSVCRTD:utility.obj
 0002:00002ff0       ___scrt_dllmain_after_initialize_c 00413ff0 f   MSVCRTD:utility.obj
 0002:00003030       ___scrt_dllmain_before_initialize_c 00414030 f   MSVCRTD:utility.obj
 0002:00003060       ___scrt_dllmain_crt_thread_attach 00414060 f   MSVCRTD:utility.obj
 0002:000030a0       ___scrt_dllmain_crt_thread_detach 004140a0 f   MSVCRTD:utility.obj
 0002:000030c0       ___scrt_dllmain_exception_filter 004140c0 f   MSVCRTD:utility.obj
 0002:00003120       ___scrt_dllmain_uninitialize_c 00414120 f   MSVCRTD:utility.obj
 0002:00003160       ___scrt_dllmain_uninitialize_critical 00414160 f   MSVCRTD:utility.obj
 0002:00003180       ___scrt_initialize_crt     00414180 f   MSVCRTD:utility.obj
 0002:000031e0       ___scrt_initialize_onexit_tables 004141e0 f   MSVCRTD:utility.obj
 0002:000032f0       ___scrt_is_nonwritable_in_current_image 004142f0 f   MSVCRTD:utility.obj
 0002:00003470       ___scrt_release_startup_lock 00414470 f   MSVCRTD:utility.obj
 0002:000034a0       ___scrt_uninitialize_crt   004144a0 f   MSVCRTD:utility.obj
 0002:000034f0       __onexit                   004144f0 f   MSVCRTD:utility.obj
 0002:00003570       _at_quick_exit             00414570 f   MSVCRTD:utility.obj
 0002:000035c0       _atexit                    004145c0 f   MSVCRTD:utility.obj
 0002:00003690       ___security_init_cookie    00414690 f   MSVCRTD:gs_support.obj
 0002:00003730       __matherr                  00414730 f   MSVCRTD:matherr.obj
 0002:00003740       __get_startup_argv_mode    00414740 f   MSVCRTD:argv_mode.obj
 0002:00003750       __get_startup_commit_mode  00414750 f   MSVCRTD:commit_mode.obj
 0002:00003760       __get_startup_file_mode    00414760 f   MSVCRTD:file_mode.obj
 0002:00003770       __get_startup_new_mode     00414770 f   MSVCRTD:new_mode.obj
 0002:00003780       __get_startup_thread_locale_mode 00414780 f   MSVCRTD:thread_locale.obj
 0002:00003790       ?__scrt_initialize_type_info@@YAXXZ 00414790 f   MSVCRTD:tncleanup.obj
 0002:000037b0       ?__scrt_uninitialize_type_info@@YAXXZ 004147b0 f   MSVCRTD:tncleanup.obj
 0002:000037d0       __should_initialize_environment 004147d0 f   MSVCRTD:env_mode.obj
 0002:000037e0       __initialize_default_precision 004147e0 f   MSVCRTD:default_precision.obj
 0002:00003810       __initialize_invalid_parameter_handler 00414810 f   MSVCRTD:invalid_parameter_handler.obj
 0002:00003820       __initialize_denormal_control 00414820 f   MSVCRTD:denormal_control.obj
 0002:00003830       ___local_stdio_scanf_options 00414830 f i MSVCRTD:default_local_stdio_options.obj
 0002:00003840       ___scrt_initialize_default_local_stdio_options 00414840 f   MSVCRTD:default_local_stdio_options.obj
 0002:00003890       ___scrt_is_user_matherr_present 00414890 f   MSVCRTD:matherr_detection.obj
 0002:000038c0       ___scrt_get_dyn_tls_init_callback 004148c0 f   MSVCRTD:dyn_tls_init.obj
 0002:000038d0       ___scrt_get_dyn_tls_dtor_callback 004148d0 f   MSVCRTD:dyn_tls_dtor.obj
 0002:000038e0       ___scrt_fastfail           004148e0 f   MSVCRTD:utility_desktop.obj
 0002:00003a70       ___scrt_get_show_window_mode 00414a70 f   MSVCRTD:utility_desktop.obj
 0002:00003ac0       ___scrt_initialize_mta     00414ac0 f   MSVCRTD:utility_desktop.obj
 0002:00003ad0       ___scrt_initialize_winrt   00414ad0 f   MSVCRTD:utility_desktop.obj
 0002:00003ae0       ___scrt_is_managed_app     00414ae0 f   MSVCRTD:utility_desktop.obj
 0002:00003b90       ___scrt_set_unhandled_exception_filter 00414b90 f   MSVCRTD:utility_desktop.obj
 0002:00003bb0       ___scrt_exe_initialize_mta 00414bb0 f   MSVCRTD:utility_desktop.obj
 0002:00003bb0       ___scrt_stub_for_initialize_mta 00414bb0 f   MSVCRTD:utility_desktop.obj
 0002:00003bc0       ___scrt_unhandled_exception_filter@4 00414bc0 f   MSVCRTD:utility_desktop.obj
 0002:00003c60       __crt_debugger_hook        00414c60 f   MSVCRTD:utility_desktop.obj
 0002:00003c80       __RTC_Initialize           00414c80 f   MSVCRTD:initsect.obj
 0002:00003cc0       __RTC_Terminate            00414cc0 f   MSVCRTD:initsect.obj
 0002:00003d00       __except_handler4          00414d00 f   MSVCRTD:chandler4gs.obj
 0002:00003d50       @_guard_check_icall_nop@4  00414d50 f i MSVCRTD:guard_support.obj
 0002:00003d60       _ReadNoFence               00414d60 f i MSVCRTD:guard_support.obj
 0002:00003d80       _ReadPointerNoFence        00414d80 f i MSVCRTD:guard_support.obj
 0002:00003da0       ___castguard_check_failure_debugbreak 00414da0 f i MSVCRTD:guard_support.obj
 0002:00003dc0       ___castguard_check_failure_fastfail 00414dc0 f i MSVCRTD:guard_support.obj
 0002:00003df0       ___castguard_check_failure_nop 00414df0 f i MSVCRTD:guard_support.obj
 0002:00003e00       ___castguard_check_failure_os_handled 00414e00 f i MSVCRTD:guard_support.obj
 0002:00003ea0       ___castguard_slow_path_check_debugbreak 00414ea0 f i MSVCRTD:guard_support.obj
 0002:00003ee0       ___castguard_slow_path_check_fastfail 00414ee0 f i MSVCRTD:guard_support.obj
 0002:00003f30       ___castguard_slow_path_check_nop 00414f30 f i MSVCRTD:guard_support.obj
 0002:00003f40       ___castguard_slow_path_check_os_handled 00414f40 f i MSVCRTD:guard_support.obj
 0002:00004000       __guard_icall_checks_enforced 00415000 f i MSVCRTD:guard_support.obj
 0002:000045d0       ?_RTC_GetSrcLine@@YAHPAEPA_WKPAH1K@Z 004155d0 f   MSVCRTD:pdblkup.obj
 0002:00004a30       __except_handler4_noexcept 00415a30 f   MSVCRTD:chandler4_noexcept.obj
 0002:00004ab0       ___isa_available_init      00415ab0 f   MSVCRTD:cpu_disp.obj
 0002:00004eb0       ___scrt_is_ucrt_dll_in_use 00415eb0 f   MSVCRTD:ucrt_detection.obj
 0002:00004edd       ?uncaught_exception@std@@YA_NXZ 00415edd f   msvcprtd:MSVCP140D.dll
 0002:00004ee3       ?good@ios_base@std@@QBE_NXZ 00415ee3 f   msvcprtd:MSVCP140D.dll
 0002:00004ee9       ?flags@ios_base@std@@QBEHXZ 00415ee9 f   msvcprtd:MSVCP140D.dll
 0002:00004eef       ?width@ios_base@std@@QBE_JXZ 00415eef f   msvcprtd:MSVCP140D.dll
 0002:00004ef5       ?width@ios_base@std@@QAE_J_J@Z 00415ef5 f   msvcprtd:MSVCP140D.dll
 0002:00004efb       ?sputc@?$basic_streambuf@DU?$char_traits@D@std@@@std@@QAEHD@Z 00415efb f   msvcprtd:MSVCP140D.dll
 0002:00004f01       ?sputn@?$basic_streambuf@DU?$char_traits@D@std@@@std@@QAE_JPBD_J@Z 00415f01 f   msvcprtd:MSVCP140D.dll
 0002:00004f07       ?setstate@?$basic_ios@DU?$char_traits@D@std@@@std@@QAEXH_N@Z 00415f07 f   msvcprtd:MSVCP140D.dll
 0002:00004f0d       ?tie@?$basic_ios@DU?$char_traits@D@std@@@std@@QBEPAV?$basic_ostream@DU?$char_traits@D@std@@@2@XZ 00415f0d f   msvcprtd:MSVCP140D.dll
 0002:00004f13       ?rdbuf@?$basic_ios@DU?$char_traits@D@std@@@std@@QBEPAV?$basic_streambuf@DU?$char_traits@D@std@@@2@XZ 00415f13 f   msvcprtd:MSVCP140D.dll
 0002:00004f19       ?fill@?$basic_ios@DU?$char_traits@D@std@@@std@@QBEDXZ 00415f19 f   msvcprtd:MSVCP140D.dll
 0002:00004f1f       ?widen@?$basic_ios@DU?$char_traits@D@std@@@std@@QBEDD@Z 00415f1f f   msvcprtd:MSVCP140D.dll
 0002:00004f25       ?_Osfx@?$basic_ostream@DU?$char_traits@D@std@@@std@@QAEXXZ 00415f25 f   msvcprtd:MSVCP140D.dll
 0002:00004f2b       ??6?$basic_ostream@DU?$char_traits@D@std@@@std@@QAEAAV01@P6AAAV01@AAV01@@Z@Z 00415f2b f   msvcprtd:MSVCP140D.dll
 0002:00004f31       ??6?$basic_ostream@DU?$char_traits@D@std@@@std@@QAEAAV01@H@Z 00415f31 f   msvcprtd:MSVCP140D.dll
 0002:00004f37       ?put@?$basic_ostream@DU?$char_traits@D@std@@@std@@QAEAAV12@D@Z 00415f37 f   msvcprtd:MSVCP140D.dll
 0002:00004f3d       ?flush@?$basic_ostream@DU?$char_traits@D@std@@@std@@QAEAAV12@XZ 00415f3d f   msvcprtd:MSVCP140D.dll
 0002:00004f43       ___CxxFrameHandler3        00415f43 f   vcruntimed:VCRUNTIME140D.dll
 0002:00004f49       ___std_type_info_destroy_list 00415f49 f   vcruntimed:VCRUNTIME140D.dll
 0002:00004f4f       ___current_exception       00415f4f f   vcruntimed:VCRUNTIME140D.dll
 0002:00004f55       ___current_exception_context 00415f55 f   vcruntimed:VCRUNTIME140D.dll
 0002:00004f5b       _memset                    00415f5b f   vcruntimed:VCRUNTIME140D.dll
 0002:00004f61       __except_handler4_common   00415f61 f   vcruntimed:VCRUNTIME140D.dll
 0002:00004f67       ___vcrt_GetModuleFileNameW 00415f67 f   vcruntimed:VCRUNTIME140D.dll
 0002:00004f6d       ___vcrt_GetModuleHandleW   00415f6d f   vcruntimed:VCRUNTIME140D.dll
 0002:00004f73       ___vcrt_LoadLibraryExW     00415f73 f   vcruntimed:VCRUNTIME140D.dll
 0002:00004f79       _strlen                    00415f79 f   ucrtd:ucrtbased.dll
 0002:00004f7f       __CrtDbgReport             00415f7f f   ucrtd:ucrtbased.dll
 0002:00004f85       __CrtDbgReportW            00415f85 f   ucrtd:ucrtbased.dll
 0002:00004f8b       __seh_filter_exe           00415f8b f   ucrtd:ucrtbased.dll
 0002:00004f91       __set_app_type             00415f91 f   ucrtd:ucrtbased.dll
 0002:00004f97       ___setusermatherr          00415f97 f   ucrtd:ucrtbased.dll
 0002:00004f9d       __configure_narrow_argv    00415f9d f   ucrtd:ucrtbased.dll
 0002:00004fa3       __initialize_narrow_environment 00415fa3 f   ucrtd:ucrtbased.dll
 0002:00004fa9       __get_initial_narrow_environment 00415fa9 f   ucrtd:ucrtbased.dll
 0002:00004faf       __initterm                 00415faf f   ucrtd:ucrtbased.dll
 0002:00004fb5       __initterm_e               00415fb5 f   ucrtd:ucrtbased.dll
 0002:00004fbb       _exit                      00415fbb f   ucrtd:ucrtbased.dll
 0002:00004fc1       __exit                     00415fc1 f   ucrtd:ucrtbased.dll
 0002:00004fc7       __set_fmode                00415fc7 f   ucrtd:ucrtbased.dll
 0002:00004fcd       ___p___argc                00415fcd f   ucrtd:ucrtbased.dll
 0002:00004fd3       ___p___argv                00415fd3 f   ucrtd:ucrtbased.dll
 0002:00004fd9       __cexit                    00415fd9 f   ucrtd:ucrtbased.dll
 0002:00004fdf       __c_exit                   00415fdf f   ucrtd:ucrtbased.dll
 0002:00004fe5       __register_thread_local_exe_atexit_callback 00415fe5 f   ucrtd:ucrtbased.dll
 0002:00004feb       __configthreadlocale       00415feb f   ucrtd:ucrtbased.dll
 0002:00004ff1       __set_new_mode             00415ff1 f   ucrtd:ucrtbased.dll
 0002:00004ff7       ___p__commode              00415ff7 f   ucrtd:ucrtbased.dll
 0002:00004ffd       _strcpy_s                  00415ffd f   ucrtd:ucrtbased.dll
 0002:00005003       _strcat_s                  00416003 f   ucrtd:ucrtbased.dll
 0002:00005009       ___stdio_common_vsprintf_s 00416009 f   ucrtd:ucrtbased.dll
 0002:0000500f       __seh_filter_dll           0041600f f   ucrtd:ucrtbased.dll
 0002:00005015       __initialize_onexit_table  00416015 f   ucrtd:ucrtbased.dll
 0002:0000501b       __register_onexit_function 0041601b f   ucrtd:ucrtbased.dll
 0002:00005021       __execute_onexit_table     00416021 f   ucrtd:ucrtbased.dll
 0002:00005027       __crt_atexit               00416027 f   ucrtd:ucrtbased.dll
 0002:0000502d       __crt_at_quick_exit        0041602d f   ucrtd:ucrtbased.dll
 0002:00005033       __controlfp_s              00416033 f   ucrtd:ucrtbased.dll
 0002:00005039       _terminate                 00416039 f   ucrtd:ucrtbased.dll
 0002:0000503f       __wmakepath_s              0041603f f   ucrtd:ucrtbased.dll
 0002:00005045       __wsplitpath_s             00416045 f   ucrtd:ucrtbased.dll
 0002:0000504b       _wcscpy_s                  0041604b f   ucrtd:ucrtbased.dll
 0002:00005051       _GetCurrentThreadId@0      00416051 f   kernel32:KERNEL32.dll
 0002:00005057       _IsDebuggerPresent@0       00416057 f   kernel32:KERNEL32.dll
 0002:0000505d       _RaiseException@16         0041605d f   kernel32:KERNEL32.dll
 0002:00005063       _MultiByteToWideChar@24    00416063 f   kernel32:KERNEL32.dll
 0002:00005069       _WideCharToMultiByte@32    00416069 f   kernel32:KERNEL32.dll
 0002:0000506f       _UnhandledExceptionFilter@4 0041606f f   kernel32:KERNEL32.dll
 0002:00005075       _SetUnhandledExceptionFilter@4 00416075 f   kernel32:KERNEL32.dll
 0002:0000507b       _GetCurrentProcess@0       0041607b f   kernel32:KERNEL32.dll
 0002:00005081       _TerminateProcess@8        00416081 f   kernel32:KERNEL32.dll
 0002:00005087       _IsProcessorFeaturePresent@4 00416087 f   kernel32:KERNEL32.dll
 0002:0000508d       _QueryPerformanceCounter@4 0041608d f   kernel32:KERNEL32.dll
 0002:00005093       _GetCurrentProcessId@0     00416093 f   kernel32:KERNEL32.dll
 0002:00005099       _GetSystemTimeAsFileTime@4 00416099 f   kernel32:KERNEL32.dll
 0002:0000509f       _InitializeSListHead@4     0041609f f   kernel32:KERNEL32.dll
 0002:000050a5       _GetStartupInfoW@4         004160a5 f   kernel32:KERNEL32.dll
 0002:000050ab       _GetModuleHandleW@4        004160ab f   kernel32:KERNEL32.dll
 0002:000050b1       _GetLastError@0            004160b1 f   kernel32:KERNEL32.dll
 0002:000050b7       _HeapAlloc@12              004160b7 f   kernel32:KERNEL32.dll
 0002:000050bd       _HeapFree@12               004160bd f   kernel32:KERNEL32.dll
 0002:000050c3       _GetProcessHeap@0          004160c3 f   kernel32:KERNEL32.dll
 0002:000050c9       _VirtualQuery@12           004160c9 f   kernel32:KERNEL32.dll
 0002:000050cf       _FreeLibrary@4             004160cf f   kernel32:KERNEL32.dll
 0002:000050d5       _GetProcAddress@8          004160d5 f   kernel32:KERNEL32.dll
 0002:000050e0       ___acrt_initialize         004160e0 f   MSVCRTD:ucrt_stubs.obj
 0002:000050e0       ___vcrt_initialize         004160e0 f   MSVCRTD:ucrt_stubs.obj
 0002:000050e0       ___scrt_stub_for_acrt_initialize 004160e0 f   MSVCRTD:ucrt_stubs.obj
 0002:000050f0       ___vcrt_thread_attach      004160f0 f   MSVCRTD:ucrt_stubs.obj
 0002:000050f0       ___scrt_stub_for_acrt_thread_attach 004160f0 f   MSVCRTD:ucrt_stubs.obj
 0002:000050f0       ___acrt_thread_attach      004160f0 f   MSVCRTD:ucrt_stubs.obj
 0002:00005100       ___acrt_thread_detach      00416100 f   MSVCRTD:ucrt_stubs.obj
 0002:00005100       ___vcrt_thread_detach      00416100 f   MSVCRTD:ucrt_stubs.obj
 0002:00005100       ___scrt_stub_for_acrt_thread_detach 00416100 f   MSVCRTD:ucrt_stubs.obj
 0002:00005110       ___acrt_uninitialize       00416110 f   MSVCRTD:ucrt_stubs.obj
 0002:00005110       ___scrt_stub_for_acrt_uninitialize 00416110 f   MSVCRTD:ucrt_stubs.obj
 0002:00005110       ___vcrt_uninitialize       00416110 f   MSVCRTD:ucrt_stubs.obj
 0002:00005120       ___vcrt_uninitialize_critical 00416120 f   MSVCRTD:ucrt_stubs.obj
 0002:00005120       ___scrt_stub_for_acrt_uninitialize_critical 00416120 f   MSVCRTD:ucrt_stubs.obj
 0002:00005120       ___acrt_uninitialize_critical 00416120 f   MSVCRTD:ucrt_stubs.obj
 0002:00005130       __is_c_termination_complete 00416130 f   MSVCRTD:ucrt_stubs.obj
 0002:00005130       ___scrt_stub_for_is_c_termination_complete 00416130 f   MSVCRTD:ucrt_stubs.obj
 0002:00005140       __filter_x86_sse2_floating_point_exception_default 00416140 f   MSVCRTD:x86_exception_filter.obj
 0002:00005140       __filter_x86_sse2_floating_point_exception 00416140 f   MSVCRTD:x86_exception_filter.obj
 0003:00000000       ___xc_a                    00419000     MSVCRTD:initializers.obj
 0003:00000208       ___xc_z                    00419208     MSVCRTD:initializers.obj
 0003:0000030c       ___xi_a                    0041930c     MSVCRTD:initializers.obj
 0003:00000618       ___xi_z                    00419618     MSVCRTD:initializers.obj
 0003:0000071c       ___xp_a                    0041971c     MSVCRTD:initializers.obj
 0003:00000820       ___xp_z                    00419820     MSVCRTD:initializers.obj
 0003:00000924       ___xt_a                    00419924     MSVCRTD:initializers.obj
 0003:00000a28       ___xt_z                    00419a28     MSVCRTD:initializers.obj
 0003:00000b30       ??_C@_08NDGFGIEF@Title?5?3?5@ 00419b30     Source.obj
 0003:00000b3c       ??_C@_04OMDFEIDG@x?5?3?5@  00419b3c     Source.obj
 0003:00000b44       ??_C@_04NBFFGBIG@y?5?3?5@  00419b44     Source.obj
 0003:00000b4c       ??_C@_08JKCDIMAJ@Width?5?3?5@ 00419b4c     Source.obj
 0003:00000b58       ??_C@_09PCOGPNCP@Height?5?3?5@ 00419b58     Source.obj
 0003:00000c20       ??_C@_0NN@JMPELKLB@The?5value?5of?5ESP?5was?5not?5proper@ 00419c20     MSVCRTD:error.obj
 0003:00000d30       ??_C@_0BBN@ELNNILBE@A?5cast?5to?5a?5smaller?5data?5type?5h@ 00419d30     MSVCRTD:error.obj
 0003:00000e88       ??_C@_0BN@BPOGFMJL@Stack?5memory?5was?5corrupted?$AN?6@ 00419e88     MSVCRTD:error.obj
 0003:00000eac       ??_C@_0DG@DAJCDLPN@A?5local?5variable?5was?5used?5befor@ 00419eac     MSVCRTD:error.obj
 0003:00000eec       ??_C@_0CM@JMIDGKLA@Stack?5memory?5around?5_alloca?5was@ 00419eec     MSVCRTD:error.obj
 0003:00000f20       ??_C@_0BO@CHIONIOI@Unknown?5Runtime?5Check?5Error?$AN?6@ 00419f20     MSVCRTD:error.obj
 0003:00000f48       ??_C@_1GM@CNOOJIHC@?$AAR?$AAu?$AAn?$AAt?$AAi?$AAm?$AAe?$AA?5?$AAC?$AAh?$AAe?$AAc?$AAk?$AA?5?$AAE@ 00419f48     MSVCRTD:error.obj
 0003:00000fd0       ??_C@_1EA@NFKNIFJP@?$AAR?$AAu?$AAn?$AA?9?$AAT?$AAi?$AAm?$AAe?$AA?5?$AAC?$AAh?$AAe?$AAc?$AAk?$AA?5@ 00419fd0     MSVCRTD:error.obj
 0003:0000101c       ??_C@_0BB@PFFGGCJP@Unknown?5Filename@ 0041a01c     MSVCRTD:error.obj
 0003:00001030       ??_C@_0BE@GNBOBNCK@Unknown?5Module?5Name@ 0041a030     MSVCRTD:error.obj
 0003:00001048       ??_C@_0CA@IODNCDPG@Run?9Time?5Check?5Failure?5?$CD?$CFd?5?9?5?$CFs@ 0041a048     MSVCRTD:error.obj
 0003:00001070       ??_C@_0CG@IAFNJNEE@Stack?5corrupted?5near?5unknown?5va@ 0041a070     MSVCRTD:error.obj
 0003:000010a0       ??_C@_05MKKEDADM@?$CF?42X?5@ 0041a0a0     MSVCRTD:error.obj
 0003:000010a8       ??_C@_0EJ@LJKNEOLN@Stack?5area?5around?5_alloca?5memor@ 0041a0a8     MSVCRTD:error.obj
 0003:00001100       ??_C@_01EEMJAFIK@?6@       0041a100     MSVCRTD:error.obj
 0003:00001104       ??_C@_02LLMPMKNF@?$DO?5@   0041a104     MSVCRTD:error.obj
 0003:00001108       ??_C@_08OMAHNMHJ@?6Data?3?5?$DM@ 0041a108     MSVCRTD:error.obj
 0003:00001114       ??_C@_0CK@DKGBICFE@?6Allocation?5number?5within?5this?5@ 0041a114     MSVCRTD:error.obj
 0003:00001148       ??_C@_07DFDJCKFN@?6Size?3?5@ 0041a148     MSVCRTD:error.obj
 0003:00001154       ??_C@_0N@MHFFIMFG@?6Address?3?50x@ 0041a154     MSVCRTD:error.obj
 0003:00001168       ??_C@_0EI@CLEPFNGI@Stack?5area?5around?5_alloca?5memor@ 0041a168     MSVCRTD:error.obj
 0003:000011c0       ??_C@_0BK@ODNDAGKB@?$CFs?$CFs?$CFp?$CFs?$CFzd?$CFs?$CFd?$CFs?$CFs?$CFs?$CFs?$CFs@ 0041a1c0     MSVCRTD:error.obj
 0003:000011e0       ??_C@_0DE@OHJBPMBP@A?5variable?5is?5being?5used?5withou@ 0041a1e0     MSVCRTD:error.obj
 0003:00001238       ??_C@_0BJ@HEGAHDFO@Stack?5pointer?5corruption@ 0041a238     MSVCRTD:userapi.obj
 0003:00001258       ??_C@_0CK@FEGOIOPB@Cast?5to?5smaller?5type?5causing?5lo@ 0041a258     MSVCRTD:userapi.obj
 0003:0000128c       ??_C@_0BI@CIGMDCBH@Stack?5memory?5corruption@ 0041a28c     MSVCRTD:userapi.obj
 0003:000012a8       ??_C@_0CK@CNLNOEPB@Local?5variable?5used?5before?5init@ 0041a2a8     MSVCRTD:userapi.obj
 0003:000012dc       ??_C@_0BP@OGBCLIBO@Stack?5around?5_alloca?5corrupted@ 0041a2dc     MSVCRTD:userapi.obj
 0003:00001368       ??_C@_1EI@MLPKHBGE@?$AAa?$AAp?$AAi?$AA?9?$AAm?$AAs?$AA?9?$AAw?$AAi?$AAn?$AA?9?$AAc?$AAo?$AAr?$AAe@ 0041a368     MSVCRTD:pdblkup.obj
 0003:000013c0       ??_C@_1BK@JHLNAEJL@?$AAa?$AAd?$AAv?$AAa?$AAp?$AAi?$AA3?$AA2?$AA?4?$AAd?$AAl?$AAl@ 0041a3c0     MSVCRTD:pdblkup.obj
 0003:000013e0       ??_C@_0O@COHOBMLB@RegOpenKeyExW@ 0041a3e0     MSVCRTD:pdblkup.obj
 0003:000013f0       ??_C@_0BB@GLNAEDBD@RegQueryValueExW@ 0041a3f0     MSVCRTD:pdblkup.obj
 0003:00001404       ??_C@_0M@HLOHPNFA@RegCloseKey@ 0041a404     MSVCRTD:pdblkup.obj
 0003:00001418       ??_C@_1HE@EBEAGLFB@?$AAS?$AAO?$AAF?$AAT?$AAW?$AAA?$AAR?$AAE?$AA?2?$AAW?$AAo?$AAw?$AA6?$AA4?$AA3@ 0041a418     MSVCRTD:pdblkup.obj
 0003:000014a4       ??_C@_1BG@EABPBLLF@?$AAP?$AAr?$AAo?$AAd?$AAu?$AAc?$AAt?$AAD?$AAi?$AAr@ 0041a4a4     MSVCRTD:pdblkup.obj
 0003:000014e4       ??_C@_1BC@JINFINNJ@?$AAM?$AAS?$AAP?$AAD?$AAB?$AA1?$AA4?$AA0@ 0041a4e4     MSVCRTD:pdblkup.obj
 0003:000014fc       ??_C@_0BB@KCIACLNC@PDBOpenValidate5@ 0041a4fc     MSVCRTD:pdblkup.obj
 0003:00001510       ??_C@_01KDCPPGHE@r@        0041a510     MSVCRTD:pdblkup.obj
 0003:00001550       __load_config_used         0041a550     MSVCRTD:loadcfg.obj
 0003:00001780       ___CastGuardVftablesStart  0041a780     MSVCRTD:guard_support.obj
 0003:00001884       ___CastGuardVftablesEnd    0041a884     MSVCRTD:guard_support.obj
 0003:00001b14       ___rtc_iaa                 0041ab14     MSVCRTD:initsect.obj
 0003:00001d24       ___rtc_izz                 0041ad24     MSVCRTD:initsect.obj
 0003:00001e28       ___rtc_taa                 0041ae28     MSVCRTD:initsect.obj
 0003:00002038       ___rtc_tzz                 0041b038     MSVCRTD:initsect.obj
 0004:00000000       __fltused                  0041c000     MSVCRTD:fltused.obj
 0004:00000004       ___security_cookie_complement 0041c004     MSVCRTD:gs_cookie.obj
 0004:00000008       ___security_cookie         0041c008     MSVCRTD:gs_cookie.obj
 0004:00000010       ?_RTC_ErrorLevels@@3PAHA   0041c010     MSVCRTD:error.obj
 0004:00000028       ___scrt_native_dllmain_reason 0041c028     MSVCRTD:utility.obj
 0004:0000002c       ___scrt_default_matherr    0041c02c     MSVCRTD:matherr.obj
 0004:00000030       ___isa_enabled             0041c030     MSVCRTD:cpu_disp.obj
 0004:00000034       ___scrt_ucrt_dll_is_in_use 0041c034     MSVCRTD:ucrt_stubs.obj
 0004:00000148       ?_OptionsStorage@?1??__local_stdio_printf_options@@9@4_KA 0041c148     MSVCRTD:error.obj
 0004:0000051c       ___scrt_current_native_startup_state 0041c51c     MSVCRTD:utility.obj
 0004:00000520       ___scrt_native_startup_lock 0041c520     MSVCRTD:utility.obj
 0004:00000548       ?__type_info_root_node@@3U__type_info_node@@A 0041c548     MSVCRTD:tncleanup.obj
 0004:00000558       ?_OptionsStorage@?1??__local_stdio_scanf_options@@9@4_KA 0041c558     MSVCRTD:default_local_stdio_options.obj
 0004:00000564       ___scrt_debugger_hook_flag 0041c564     MSVCRTD:utility_desktop.obj
 0004:00000568       ___castguard_check_failure_os_handled_fptr 0041c568     MSVCRTD:guard_support.obj
 0004:00000574       ___isa_available           0041c574     MSVCRTD:cpu_disp.obj
 0004:00000578       ___favor                   0041c578     MSVCRTD:cpu_disp.obj
 0004:00000580       ___dyn_tls_dtor_callback   0041c580     <common>
 0004:0000058c       ___dyn_tls_init_callback   0041c58c     <common>
 0004:00000598       ___DebuggerCurrentSteppingThreadId 0041c598     <common>
 0005:00000000       __imp__VirtualQuery@12     0041d000     kernel32:KERNEL32.dll
 0005:00000004       __imp__IsDebuggerPresent@0 0041d004     kernel32:KERNEL32.dll
 0005:00000008       __imp__RaiseException@16   0041d008     kernel32:KERNEL32.dll
 0005:0000000c       __imp__MultiByteToWideChar@24 0041d00c     kernel32:KERNEL32.dll
 0005:00000010       __imp__WideCharToMultiByte@32 0041d010     kernel32:KERNEL32.dll
 0005:00000014       __imp__UnhandledExceptionFilter@4 0041d014     kernel32:KERNEL32.dll
 0005:00000018       __imp__SetUnhandledExceptionFilter@4 0041d018     kernel32:KERNEL32.dll
 0005:0000001c       __imp__GetCurrentProcess@0 0041d01c     kernel32:KERNEL32.dll
 0005:00000020       __imp__TerminateProcess@8  0041d020     kernel32:KERNEL32.dll
 0005:00000024       __imp__IsProcessorFeaturePresent@4 0041d024     kernel32:KERNEL32.dll
 0005:00000028       __imp__QueryPerformanceCounter@4 0041d028     kernel32:KERNEL32.dll
 0005:0000002c       __imp__GetCurrentProcessId@0 0041d02c     kernel32:KERNEL32.dll
 0005:00000030       __imp__GetSystemTimeAsFileTime@4 0041d030     kernel32:KERNEL32.dll
 0005:00000034       __imp__InitializeSListHead@4 0041d034     kernel32:KERNEL32.dll
 0005:00000038       __imp__GetStartupInfoW@4   0041d038     kernel32:KERNEL32.dll
 0005:0000003c       __imp__GetModuleHandleW@4  0041d03c     kernel32:KERNEL32.dll
 0005:00000040       __imp__GetLastError@0      0041d040     kernel32:KERNEL32.dll
 0005:00000044       __imp__HeapAlloc@12        0041d044     kernel32:KERNEL32.dll
 0005:00000048       __imp__GetProcAddress@8    0041d048     kernel32:KERNEL32.dll
 0005:0000004c       __imp__FreeLibrary@4       0041d04c     kernel32:KERNEL32.dll
 0005:00000050       __imp__GetCurrentThreadId@0 0041d050     kernel32:KERNEL32.dll
 0005:00000054       __imp__GetProcessHeap@0    0041d054     kernel32:KERNEL32.dll
 0005:00000058       __imp__HeapFree@12         0041d058     kernel32:KERNEL32.dll
 0005:0000005c       \177KERNEL32_NULL_THUNK_DATA 0041d05c     kernel32:KERNEL32.dll
 0005:00000098       __imp_?flush@?$basic_ostream@DU?$char_traits@D@std@@@std@@QAEAAV12@XZ 0041d098     msvcprtd:MSVCP140D.dll
 0005:0000009c       __imp_?put@?$basic_ostream@DU?$char_traits@D@std@@@std@@QAEAAV12@D@Z 0041d09c     msvcprtd:MSVCP140D.dll
 0005:000000a0       __imp_??6?$basic_ostream@DU?$char_traits@D@std@@@std@@QAEAAV01@H@Z 0041d0a0     msvcprtd:MSVCP140D.dll
 0005:000000a4       __imp_??6?$basic_ostream@DU?$char_traits@D@std@@@std@@QAEAAV01@P6AAAV01@AAV01@@Z@Z 0041d0a4     msvcprtd:MSVCP140D.dll
 0005:000000a8       __imp_?_Osfx@?$basic_ostream@DU?$char_traits@D@std@@@std@@QAEXXZ 0041d0a8     msvcprtd:MSVCP140D.dll
 0005:000000ac       __imp_?widen@?$basic_ios@DU?$char_traits@D@std@@@std@@QBEDD@Z 0041d0ac     msvcprtd:MSVCP140D.dll
 0005:000000b0       __imp_?fill@?$basic_ios@DU?$char_traits@D@std@@@std@@QBEDXZ 0041d0b0     msvcprtd:MSVCP140D.dll
 0005:000000b4       __imp_?rdbuf@?$basic_ios@DU?$char_traits@D@std@@@std@@QBEPAV?$basic_streambuf@DU?$char_traits@D@std@@@2@XZ 0041d0b4     msvcprtd:MSVCP140D.dll
 0005:000000b8       __imp_?tie@?$basic_ios@DU?$char_traits@D@std@@@std@@QBEPAV?$basic_ostream@DU?$char_traits@D@std@@@2@XZ 0041d0b8     msvcprtd:MSVCP140D.dll
 0005:000000bc       __imp_?setstate@?$basic_ios@DU?$char_traits@D@std@@@std@@QAEXH_N@Z 0041d0bc     msvcprtd:MSVCP140D.dll
 0005:000000c0       __imp_?sputn@?$basic_streambuf@DU?$char_traits@D@std@@@std@@QAE_JPBD_J@Z 0041d0c0     msvcprtd:MSVCP140D.dll
 0005:000000c4       __imp_?sputc@?$basic_streambuf@DU?$char_traits@D@std@@@std@@QAEHD@Z 0041d0c4     msvcprtd:MSVCP140D.dll
 0005:000000c8       __imp_?width@ios_base@std@@QAE_J_J@Z 0041d0c8     msvcprtd:MSVCP140D.dll
 0005:000000cc       __imp_?width@ios_base@std@@QBE_JXZ 0041d0cc     msvcprtd:MSVCP140D.dll
 0005:000000d0       __imp_?flags@ios_base@std@@QBEHXZ 0041d0d0     msvcprtd:MSVCP140D.dll
 0005:000000d4       __imp_?good@ios_base@std@@QBE_NXZ 0041d0d4     msvcprtd:MSVCP140D.dll
 0005:000000d8       __imp_?cout@std@@3V?$basic_ostream@DU?$char_traits@D@std@@@1@A 0041d0d8     msvcprtd:MSVCP140D.dll
 0005:000000dc       __imp_?uncaught_exception@std@@YA_NXZ 0041d0dc     msvcprtd:MSVCP140D.dll
 0005:000000e0       \177MSVCP140D_NULL_THUNK_DATA 0041d0e0     msvcprtd:MSVCP140D.dll
 0005:00000118       __imp____std_type_info_destroy_list 0041d118     vcruntimed:VCRUNTIME140D.dll
 0005:0000011c       __imp____current_exception 0041d11c     vcruntimed:VCRUNTIME140D.dll
 0005:00000120       __imp____current_exception_context 0041d120     vcruntimed:VCRUNTIME140D.dll
 0005:00000124       __imp__memset              0041d124     vcruntimed:VCRUNTIME140D.dll
 0005:00000128       __imp___except_handler4_common 0041d128     vcruntimed:VCRUNTIME140D.dll
 0005:0000012c       __imp____vcrt_GetModuleFileNameW 0041d12c     vcruntimed:VCRUNTIME140D.dll
 0005:00000130       __imp____vcrt_GetModuleHandleW 0041d130     vcruntimed:VCRUNTIME140D.dll
 0005:00000134       __imp____vcrt_LoadLibraryExW 0041d134     vcruntimed:VCRUNTIME140D.dll
 0005:00000138       __imp____CxxFrameHandler3  0041d138     vcruntimed:VCRUNTIME140D.dll
 0005:0000013c       \177VCRUNTIME140D_NULL_THUNK_DATA 0041d13c     vcruntimed:VCRUNTIME140D.dll
 0005:0000016c       __imp____stdio_common_vsprintf_s 0041d16c     ucrtd:ucrtbased.dll
 0005:00000170       __imp___seh_filter_dll     0041d170     ucrtd:ucrtbased.dll
 0005:00000174       __imp___initialize_onexit_table 0041d174     ucrtd:ucrtbased.dll
 0005:00000178       __imp___register_onexit_function 0041d178     ucrtd:ucrtbased.dll
 0005:0000017c       __imp___execute_onexit_table 0041d17c     ucrtd:ucrtbased.dll
 0005:00000180       __imp___crt_atexit         0041d180     ucrtd:ucrtbased.dll
 0005:00000184       __imp___crt_at_quick_exit  0041d184     ucrtd:ucrtbased.dll
 0005:00000188       __imp___controlfp_s        0041d188     ucrtd:ucrtbased.dll
 0005:0000018c       __imp__terminate           0041d18c     ucrtd:ucrtbased.dll
 0005:00000190       __imp___wmakepath_s        0041d190     ucrtd:ucrtbased.dll
 0005:00000194       __imp___wsplitpath_s       0041d194     ucrtd:ucrtbased.dll
 0005:00000198       __imp__wcscpy_s            0041d198     ucrtd:ucrtbased.dll
 0005:0000019c       __imp__strcpy_s            0041d19c     ucrtd:ucrtbased.dll
 0005:000001a0       __imp__exit                0041d1a0     ucrtd:ucrtbased.dll
 0005:000001a4       __imp___initterm_e         0041d1a4     ucrtd:ucrtbased.dll
 0005:000001a8       __imp___initterm           0041d1a8     ucrtd:ucrtbased.dll
 0005:000001ac       __imp___get_initial_narrow_environment 0041d1ac     ucrtd:ucrtbased.dll
 0005:000001b0       __imp___initialize_narrow_environment 0041d1b0     ucrtd:ucrtbased.dll
 0005:000001b4       __imp___configure_narrow_argv 0041d1b4     ucrtd:ucrtbased.dll
 0005:000001b8       __imp____setusermatherr    0041d1b8     ucrtd:ucrtbased.dll
 0005:000001bc       __imp___set_app_type       0041d1bc     ucrtd:ucrtbased.dll
 0005:000001c0       __imp___seh_filter_exe     0041d1c0     ucrtd:ucrtbased.dll
 0005:000001c4       __imp___CrtDbgReportW      0041d1c4     ucrtd:ucrtbased.dll
 0005:000001c8       __imp___CrtDbgReport       0041d1c8     ucrtd:ucrtbased.dll
 0005:000001cc       __imp__strlen              0041d1cc     ucrtd:ucrtbased.dll
 0005:000001d0       __imp__strcat_s            0041d1d0     ucrtd:ucrtbased.dll
 0005:000001d4       __imp____p__commode        0041d1d4     ucrtd:ucrtbased.dll
 0005:000001d8       __imp___set_new_mode       0041d1d8     ucrtd:ucrtbased.dll
 0005:000001dc       __imp___configthreadlocale 0041d1dc     ucrtd:ucrtbased.dll
 0005:000001e0       __imp___register_thread_local_exe_atexit_callback 0041d1e0     ucrtd:ucrtbased.dll
 0005:000001e4       __imp___c_exit             0041d1e4     ucrtd:ucrtbased.dll
 0005:000001e8       __imp___exit               0041d1e8     ucrtd:ucrtbased.dll
 0005:000001ec       __imp____p___argv          0041d1ec     ucrtd:ucrtbased.dll
 0005:000001f0       __imp____p___argc          0041d1f0     ucrtd:ucrtbased.dll
 0005:000001f4       __imp___set_fmode          0041d1f4     ucrtd:ucrtbased.dll
 0005:000001f8       __imp___cexit              0041d1f8     ucrtd:ucrtbased.dll
 0005:000001fc       \177ucrtbased_NULL_THUNK_DATA 0041d1fc     ucrtd:ucrtbased.dll
 0005:00000244       __IMPORT_DESCRIPTOR_MSVCP140D 0041d244     msvcprtd:MSVCP140D.dll
 0005:00000258       __IMPORT_DESCRIPTOR_VCRUNTIME140D 0041d258     vcruntimed:VCRUNTIME140D.dll
 0005:0000026c       __IMPORT_DESCRIPTOR_ucrtbased 0041d26c     ucrtd:ucrtbased.dll
 0005:00000280       __IMPORT_DESCRIPTOR_KERNEL32 0041d280     kernel32:KERNEL32.dll
 0005:00000294       __NULL_IMPORT_DESCRIPTOR   0041d294     msvcprtd:MSVCP140D.dll
 0007:00000000       ___guard_check_icall_fptr  00420000     MSVCRTD:guard_support.obj
 0007:00000004       ___guard_xfg_check_icall_fptr 00420004     MSVCRTD:guard_support.obj

 entry point at        0002:00000023

 Static symbols

 0000:fffe0000       _volmd                     00400000     Source.obj
 0000:fffe0000       _volmd                     00400000     Source.obj
 0000:fffe0000       _volmd                     00400000     Source.obj
 0000:fffe0000       _volmd                     00400000     Source.obj
 0000:fffe0000       _volmd                     00400000     Source.obj
 0000:fffdd000       .debug$S                   00400000     ucrtd:ucrtbased.dll
 0000:fffdd000       .debug$S                   00400000     ucrtd:ucrtbased.dll
 0000:fffdd000       .debug$S                   00400000     ucrtd:ucrtbased.dll
 0000:fffdd000       .debug$S                   00400000     ucrtd:ucrtbased.dll
 0000:fffdd000       .debug$S                   00400000     ucrtd:ucrtbased.dll
 0000:fffdd000       .debug$S                   00400000     ucrtd:ucrtbased.dll
 0000:fffdd000       .debug$S                   00400000     ucrtd:ucrtbased.dll
 0000:fffdd000       .debug$S                   00400000     ucrtd:ucrtbased.dll
 0000:fffdd000       .debug$S                   00400000     ucrtd:ucrtbased.dll
 0000:fffdd000       .debug$S                   00400000     ucrtd:ucrtbased.dll
 0000:fffdd000       .debug$S                   00400000     ucrtd:ucrtbased.dll
 0000:fffdd000       .debug$S                   00400000     ucrtd:ucrtbased.dll
 0000:fffdd000       .debug$S                   00400000     ucrtd:ucrtbased.dll
 0000:fffdd000       .debug$S                   00400000     ucrtd:ucrtbased.dll
 0000:fffdd000       .debug$S                   00400000     ucrtd:ucrtbased.dll
 0000:fffdd000       .debug$S                   00400000     ucrtd:ucrtbased.dll
 0000:fffdd000       .debug$S                   00400000     ucrtd:ucrtbased.dll
 0000:fffdd000       .debug$S                   00400000     ucrtd:ucrtbased.dll
 0000:fffdd000       .debug$S                   00400000     ucrtd:ucrtbased.dll
 0000:fffdd000       .debug$S                   00400000     ucrtd:ucrtbased.dll
 0000:fffdd000       .debug$S                   00400000     ucrtd:ucrtbased.dll
 0000:fffdd000       .debug$S                   00400000     ucrtd:ucrtbased.dll
 0000:fffdd000       .debug$S                   00400000     ucrtd:ucrtbased.dll
 0000:fffdd000       .debug$S                   00400000     ucrtd:ucrtbased.dll
 0000:fffdd000       .debug$S                   00400000     ucrtd:ucrtbased.dll
 0000:fffdd000       .debug$S                   00400000     ucrtd:ucrtbased.dll
 0000:fffdd000       .debug$S                   00400000     ucrtd:ucrtbased.dll
 0000:fffdd000       .debug$S                   00400000     ucrtd:ucrtbased.dll
 0000:fffdd000       .debug$S                   00400000     ucrtd:ucrtbased.dll
 0000:fffdd000       .debug$S                   00400000     ucrtd:ucrtbased.dll
 0000:fffdd000       .debug$S                   00400000     ucrtd:ucrtbased.dll
 0000:fffdd000       .debug$S                   00400000     ucrtd:ucrtbased.dll
 0000:fffdd000       .debug$S                   00400000     ucrtd:ucrtbased.dll
 0000:fffdd000       .debug$S                   00400000     ucrtd:ucrtbased.dll
 0000:fffdd000       .debug$S                   00400000     ucrtd:ucrtbased.dll
 0000:fffdd000       .debug$S                   00400000     ucrtd:ucrtbased.dll
 0000:fffdd000       .debug$S                   00400000     kernel32:KERNEL32.dll
 0000:fffdd000       .debug$S                   00400000     kernel32:KERNEL32.dll
 0000:fffdd000       .debug$S                   00400000     kernel32:KERNEL32.dll
 0000:fffdd000       .debug$S                   00400000     kernel32:KERNEL32.dll
 0000:fffdd000       .debug$S                   00400000     kernel32:KERNEL32.dll
 0000:fffdd000       .debug$S                   00400000     kernel32:KERNEL32.dll
 0000:fffdd000       .debug$S                   00400000     kernel32:KERNEL32.dll
 0000:fffdd000       .debug$S                   00400000     kernel32:KERNEL32.dll
 0000:fffdd000       .debug$S                   00400000     kernel32:KERNEL32.dll
 0000:fffdd000       .debug$S                   00400000     kernel32:KERNEL32.dll
 0000:fffdd000       .debug$S                   00400000     kernel32:KERNEL32.dll
 0000:fffdd000       .debug$S                   00400000     kernel32:KERNEL32.dll
 0000:fffdd000       .debug$S                   00400000     kernel32:KERNEL32.dll
 0000:fffdd000       .debug$S                   00400000     kernel32:KERNEL32.dll
 0000:fffdd000       .debug$S                   00400000     kernel32:KERNEL32.dll
 0000:fffdd000       .debug$S                   00400000     kernel32:KERNEL32.dll
 0000:fffdd000       .debug$S                   00400000     kernel32:KERNEL32.dll
 0000:fffdd000       .debug$S                   00400000     kernel32:KERNEL32.dll
 0000:fffdd000       .debug$S                   00400000     kernel32:KERNEL32.dll
 0000:fffdd000       .debug$S                   00400000     kernel32:KERNEL32.dll
 0000:fffdd000       .debug$S                   00400000     kernel32:KERNEL32.dll
 0000:fffdd000       .debug$S                   00400000     kernel32:KERNEL32.dll
 0000:fffdd000       .debug$S                   00400000     kernel32:KERNEL32.dll
 0000:fffe1000       __guard_fids___except_handler4 00400000     MSVCRTD:chandler4gs.obj
 0000:fffe1000       __guard_fids_?pre_c_initialization@@YAHXZ 00400000     MSVCRTD:exe_main.obj
 0000:fffe1000       __guard_fids__             00400000     MSVCRTD:exe_main.obj
 0000:fffe1000       __guard_fids__             00400000     MSVCRTD:guard_support.obj
 0000:fffe1000       __guard_fids__             00400000     MSVCRTD:guard_support.obj
 0000:fffe1000       __guard_fids___guard_icall_checks_enforced 00400000     MSVCRTD:guard_support.obj
 0000:fffe1000       __guard_fids___CRT_RTC_INIT 00400000     MSVCRTD:init.obj
 0000:fffe1000       __guard_fids___CRT_RTC_INITW 00400000     MSVCRTD:init.obj
 0000:fffe1000       __guard_fids____scrt_set_unhandled_exception_filter 00400000     MSVCRTD:utility_desktop.obj
 0000:fffdd000       .debug$S                   00400000     msvcprtd:MSVCP140D.dll
 0000:fffdd000       .debug$S                   00400000     msvcprtd:MSVCP140D.dll
 0000:fffdd000       .debug$S                   00400000     msvcprtd:MSVCP140D.dll
 0000:fffdd000       .debug$S                   00400000     msvcprtd:MSVCP140D.dll
 0000:fffdd000       .debug$S                   00400000     msvcprtd:MSVCP140D.dll
 0000:fffdd000       .debug$S                   00400000     msvcprtd:MSVCP140D.dll
 0000:fffdd000       .debug$S                   00400000     msvcprtd:MSVCP140D.dll
 0000:fffdd000       .debug$S                   00400000     msvcprtd:MSVCP140D.dll
 0000:fffdd000       .debug$S                   00400000     msvcprtd:MSVCP140D.dll
 0000:fffdd000       .debug$S                   00400000     msvcprtd:MSVCP140D.dll
 0000:fffdd000       .debug$S                   00400000     msvcprtd:MSVCP140D.dll
 0000:fffdd000       .debug$S                   00400000     msvcprtd:MSVCP140D.dll
 0000:fffdd000       .debug$S                   00400000     msvcprtd:MSVCP140D.dll
 0000:fffdd000       .debug$S                   00400000     msvcprtd:MSVCP140D.dll
 0000:fffdd000       .debug$S                   00400000     msvcprtd:MSVCP140D.dll
 0000:fffdd000       .debug$S                   00400000     msvcprtd:MSVCP140D.dll
 0000:fffdd000       .debug$S                   00400000     msvcprtd:MSVCP140D.dll
 0000:fffdd000       .debug$S                   00400000     msvcprtd:MSVCP140D.dll
 0000:fffdd000       .debug$S                   00400000     vcruntimed:VCRUNTIME140D.dll
 0000:fffdd000       .debug$S                   00400000     vcruntimed:VCRUNTIME140D.dll
 0000:fffdd000       .debug$S                   00400000     vcruntimed:VCRUNTIME140D.dll
 0000:fffdd000       .debug$S                   00400000     vcruntimed:VCRUNTIME140D.dll
 0000:fffdd000       .debug$S                   00400000     vcruntimed:VCRUNTIME140D.dll
 0000:fffdd000       .debug$S                   00400000     vcruntimed:VCRUNTIME140D.dll
 0000:fffdd000       .debug$S                   00400000     vcruntimed:VCRUNTIME140D.dll
 0000:fffdd000       .debug$S                   00400000     vcruntimed:VCRUNTIME140D.dll
 0000:fffdd000       .debug$S                   00400000     vcruntimed:VCRUNTIME140D.dll
 0000:fffe1004       __guard_fids__             00400004     MSVCRTD:exe_main.obj
 0000:fffe1008       __guard_fids__             00400008     MSVCRTD:exe_main.obj
 0002:00000da4       __catch$??$?6U?$char_traits@D@std@@@std@@YAAAV?$basic_ostream@DU?$char_traits@D@std@@@0@AAV10@PBD@Z$0 00411da4 f i Source.obj
 0002:00000e54       $LN32                      00411e54     Source.obj
 0002:00000e5c       $LN31                      00411e5c     Source.obj
 0002:00000e68       $LN29                      00411e68     Source.obj
 0002:00001c30       ?pre_c_initialization@@YAHXZ 00412c30 f   MSVCRTD:exe_main.obj
 0002:00001d10       ?post_pgo_initialization@@YAHXZ 00412d10 f   MSVCRTD:exe_main.obj
 0002:00001d20       ?pre_cpp_initialization@@YAXXZ 00412d20 f   MSVCRTD:exe_main.obj
 0002:00001d40       ?__scrt_common_main@@YAHXZ 00412d40 f   MSVCRTD:exe_main.obj
 0002:00001d60       ?__scrt_common_main_seh@@YAHXZ 00412d60 f   MSVCRTD:exe_main.obj
 0002:00002030       ?invoke_main@@YAHXZ        00413030 f   MSVCRTD:exe_main.obj
 0002:000020f0       ?DebuggerProbe@@YA_NK@Z    004130f0 f   MSVCRTD:error.obj
 0002:00002140       ?DebuggerRuntime@@YA_NKHPAXPB_W@Z 00413140 f   MSVCRTD:error.obj
 0002:00002410       ?_getMemBlockDataString@@YAXPAD0PBDI@Z 00413410 f   MSVCRTD:error.obj
 0002:000024a0       ?_strlen_priv@@YAIPBD@Z    004134a0 f   MSVCRTD:error.obj
 0002:000024c0       ?failwithmessage@@YAXPAXHHPBD@Z 004134c0 f   MSVCRTD:error.obj
 0002:00002740       ?notify_debugger@@YAXABUtagEXCEPTION_VISUALCPP_DEBUG_INFO@@@Z 00413740 f   MSVCRTD:error.obj
 0002:00002e40       ?find_pe_section@@YAPAU_IMAGE_SECTION_HEADER@@QAEI@Z 00413e40 f   MSVCRTD:utility.obj
 0002:00002ef0       ?is_potentially_valid_image_base@@YA_NQAX@Z 00413ef0 f   MSVCRTD:utility.obj
 0002:00003600       ___get_entropy             00414600 f   MSVCRTD:gs_support.obj
 0002:00003e50       ___castguard_compat_check  00414e50 f   MSVCRTD:guard_support.obj
 0002:00003fb0       ___castguard_slow_path_compat_check 00414fb0 f   MSVCRTD:guard_support.obj
 0002:00004040       ?GetPdbDll@@YAPAUHINSTANCE__@@XZ 00415040 f   MSVCRTD:pdblkup.obj
 0002:000041d0       ?GetPdbDllFromInstallPath@@YAPAUHINSTANCE__@@XZ 004151d0 f   MSVCRTD:pdblkup.obj
 0002:000044c0       ?GetPdbDllPathFromFilePath@@YAHPB_WPA_WI@Z 004154c0 f   MSVCRTD:pdblkup.obj
 0002:000066e0       __unwindfunclet$??$?6U?$char_traits@D@std@@@std@@YAAAV?$basic_ostream@DU?$char_traits@D@std@@@0@AAV10@PBD@Z$2 004176e0 f   Source.obj
 0002:000066ed       __ehhandler$??$?6U?$char_traits@D@std@@@std@@YAAAV?$basic_ostream@DU?$char_traits@D@std@@@0@AAV10@PBD@Z 004176ed f   Source.obj
 0002:00006730       __unwindfunclet$??0sentry@?$basic_ostream@DU?$char_traits@D@std@@@std@@QAE@AAV12@@Z$0 00417730 f   Source.obj
 0002:0000673d       __ehhandler$??0sentry@?$basic_ostream@DU?$char_traits@D@std@@@std@@QAE@AAV12@@Z 0041773d f   Source.obj
 0002:00006770       __ehhandler$??1_Sentry_base@?$basic_ostream@DU?$char_traits@D@std@@@std@@QAE@XZ 00417770 f   Source.obj
 0002:000067a0       __ehhandler$??1sentry@?$basic_ostream@DU?$char_traits@D@std@@@std@@QAE@XZ 004177a0 f   Source.obj
 0003:00000104       ?pre_cpp_initializer@@3P6AXXZA 00419104     MSVCRTD:exe_main.obj
 0003:00000410       ?pre_c_initializer@@3P6AHXZA 00419410     MSVCRTD:exe_main.obj
 0003:00000514       ?post_pgo_initializer@@3P6AHXZA 00419514     MSVCRTD:exe_main.obj
 0003:00000b64       ?_RTC_ErrorMessages@@3QBQBDB 00419b64     MSVCRTD:error.obj
 0003:00000b7c       ?_RTC_NoFalsePositives@@3QBHB 00419b7c     MSVCRTD:error.obj
 0003:00000b94       ?stack_premsg@@3QBDB       00419b94     MSVCRTD:error.obj
 0003:00000bb0       ?stack_postmsg@@3QBDB      00419bb0     MSVCRTD:error.obj
 0003:00000bc4       ?uninit_premsg@@3QBDB      00419bc4     MSVCRTD:error.obj
 0003:00000bd4       ?uninit_postmsg@@3QBDB     00419bd4     MSVCRTD:error.obj
 0003:00001220       ?_RTC_errlist@@3QBQBDB     0041a220     MSVCRTD:userapi.obj
 0003:00001304       _GS_ExceptionPointers      0041a304     MSVCRTD:gs_report.obj
 0003:00001310       ?mspdbName@@3QB_WB         0041a310     MSVCRTD:pdblkup.obj
 0003:00001334       ?debugCrtFileName@@3QB_WB  0041a334     MSVCRTD:pdblkup.obj
 0003:000014c0       ?dllExt@?1??GetPdbDllPathFromFilePath@@YAHPB_WPA_WI@Z@4QB_WB 0041a4c0     MSVCRTD:pdblkup.obj
 0003:000014cc       ?mspdbFilename@?1??GetPdbDllPathFromFilePath@@YAHPB_WPA_WI@Z@4QB_WB 0041a4cc     MSVCRTD:pdblkup.obj
 0003:00001c18       __RTC_InitBase.rtc$IMZ     0041ac18     func.obj
 0003:00001c1c       __RTC_InitBase.rtc$IMZ     0041ac1c     Source.obj
 0003:00001f2c       __RTC_Shutdown.rtc$TMZ     0041af2c     func.obj
 0003:00001f30       __RTC_Shutdown.rtc$TMZ     0041af30     Source.obj
 0003:00002140       __catchsym$??$?6U?$char_traits@D@std@@@std@@YAAAV?$basic_ostream@DU?$char_traits@D@std@@@0@AAV10@PBD@Z$3 0041b140     Source.obj
 0003:00002150       __tryblocktable$??$?6U?$char_traits@D@std@@@std@@YAAAV?$basic_ostream@DU?$char_traits@D@std@@@0@AAV10@PBD@Z 0041b150     Source.obj
 0003:00002164       __unwindtable$??$?6U?$char_traits@D@std@@@std@@YAAAV?$basic_ostream@DU?$char_traits@D@std@@@0@AAV10@PBD@Z 0041b164     Source.obj
 0003:0000217c       __ehfuncinfo$??$?6U?$char_traits@D@std@@@std@@YAAAV?$basic_ostream@DU?$char_traits@D@std@@@0@AAV10@PBD@Z 0041b17c     Source.obj
 0003:000021ac       __ehfuncinfo$??1_Sentry_base@?$basic_ostream@DU?$char_traits@D@std@@@std@@QAE@XZ 0041b1ac     Source.obj
 0003:000021d4       __unwindtable$??0sentry@?$basic_ostream@DU?$char_traits@D@std@@@std@@QAE@AAV12@@Z 0041b1d4     Source.obj
 0003:000021dc       __ehfuncinfo$??0sentry@?$basic_ostream@DU?$char_traits@D@std@@@std@@QAE@AAV12@@Z 0041b1dc     Source.obj
 0003:00002204       __ehfuncinfo$??1sentry@?$basic_ostream@DU?$char_traits@D@std@@@std@@QAE@XZ 0041b204     Source.obj
 0003:00002230       __sehtable$?__scrt_common_main_seh@@YAHXZ 0041b230     MSVCRTD:exe_main.obj
 0003:00002250       __sehtable$?notify_debugger@@YAXABUtagEXCEPTION_VISUALCPP_DEBUG_INFO@@@Z 0041b250     MSVCRTD:error.obj
 0003:00002270       __sehtable$___scrt_is_nonwritable_in_current_image 0041b270     MSVCRTD:utility.obj
 0004:00000140       ?init@?1??_RTC_InitBase@@9@4_NA 0041c140     MSVCRTD:init.obj
 0004:00000154       ?_RTC_ErrorReportFunc@@3P6AHHPBDH00ZZA 0041c154     MSVCRTD:userapi.obj
 0004:00000158       ?_RTC_ErrorReportFuncW@@3P6AHHPB_WH00ZZA 0041c158     MSVCRTD:userapi.obj
 0004:00000160       _GS_ExceptionRecord        0041c160     MSVCRTD:gs_report.obj
 0004:000001b0       _GS_ContextRecord          0041c1b0     MSVCRTD:gs_report.obj
 0004:00000524       ?is_initialized_as_dll@@3_NA 0041c524     MSVCRTD:utility.obj
 0004:00000525       ?module_local_atexit_table_initialized@@3_NA 0041c525     MSVCRTD:utility.obj
 0004:00000528       ?module_local_atexit_table@@3U_onexit_table_t@@A 0041c528     MSVCRTD:utility.obj
 0004:00000534       ?module_local_at_quick_exit_table@@3U_onexit_table_t@@A 0041c534     MSVCRTD:utility.obj
 0004:0000056c       ?mspdb@@3PAUHINSTANCE__@@A 0041c56c     MSVCRTD:pdblkup.obj
 0004:00000570       ?alreadyTried@?1??GetPdbDll@@YAPAUHINSTANCE__@@XZ@4_NA 0041c570     MSVCRTD:pdblkup.obj
 0004:00000571       ?PDBOK@?1??_RTC_GetSrcLine@@YAHPAEPA_WKPAH1K@Z@4_NA 0041c571     MSVCRTD:pdblkup.obj
 0005:0000091e       .idata$6                   0041d91e     msvcprtd:MSVCP140D.dll
 0005:00000a08       .idata$6                   0041da08     vcruntimed:VCRUNTIME140D.dll
 0005:00000ca8       .idata$6                   0041dca8     ucrtd:ucrtbased.dll
 0005:00000e8c       .idata$6                   0041de8c     kernel32:KERNEL32.dll
 0006:00000000       __72F4F002_func@cpp        0041f000     func.obj
 0006:00000001       __96C68F50_vcruntime_new@h 0041f001     Source.obj
 0006:00000002       __09340588_corecrt_math@h  0041f002     Source.obj
 0006:00000003       __24E9E95F_stdlib@h        0041f003     Source.obj
 0006:00000004       __E99B2272_cstdlib         0041f004     Source.obj
 0006:00000005       __026D9ACB_cmath           0041f005     Source.obj
 0006:00000006       __F66CEB67_corecrt_stdio_config@h 0041f006     Source.obj
 0006:00000007       __101834BA_corecrt_wstdio@h 0041f007     Source.obj
 0006:00000008       __AD6A91B7_stdio@h         0041f008     Source.obj
 0006:00000009       __367CC694_corecrt_memcpy_s@h 0041f009     Source.obj
 0006:0000000a       __35D7DDB3_corecrt_memory@h 0041f00a     Source.obj
 0006:0000000b       __DC9673E3_corecrt_wstring@h 0041f00b     Source.obj
 0006:0000000c       __A29A7DFB_string@h        0041f00c     Source.obj
 0006:0000000d       __5467428D_corecrt_wconio@h 0041f00d     Source.obj
 0006:0000000e       __4442441F_corecrt_wio@h   0041f00e     Source.obj
 0006:0000000f       __45F4AF76_corecrt_wtime@h 0041f00f     Source.obj
 0006:00000010       __186FF47F_stat@h          0041f010     Source.obj
 0006:00000011       __534C724A_wchar@h         0041f011     Source.obj
 0006:00000012       __B0D52632_type_traits     0041f012     Source.obj
 0006:00000013       __31322B8B_xutility        0041f013     Source.obj
 0006:00000014       __B0C4CEA9_malloc@h        0041f014     Source.obj
 0006:00000015       __D8E8738D_vcruntime_exception@h 0041f015     Source.obj
 0006:00000016       __CC658625_exception       0041f016     Source.obj
 0006:00000017       __793190F7_limits          0041f017     Source.obj
 0006:00000018       __B403C43A_xmemory         0041f018     Source.obj
 0006:00000019       __C0D042A6_xstring         0041f019     Source.obj
 0006:0000001a       __452BBC78_stdexcept       0041f01a     Source.obj
 0006:0000001b       __203E55D9_xcall_once@h    0041f01b     Source.obj
 0006:0000001c       __8AA3BE86_time@h          0041f01c     Source.obj
 0006:0000001d       __2FE259E7_xthreads@h      0041f01d     Source.obj
 0006:0000001e       __1204CC35_atomic          0041f01e     Source.obj
 0006:0000001f       __9F6347F9_system_error    0041f01f     Source.obj
 0006:00000020       __F157F81B_vcruntime_typeinfo@h 0041f020     Source.obj
 0006:00000021       __41EDD892_typeinfo        0041f021     Source.obj
 0006:00000022       __C59F9C79_memory          0041f022     Source.obj
 0006:00000023       __E9DACB76_xfacet          0041f023     Source.obj
 0006:00000024       __7242C389_ctype@h         0041f024     Source.obj
 0006:00000025       __5E643B5A_xlocinfo        0041f025     Source.obj
 0006:00000026       __1FEE3697_xlocale         0041f026     Source.obj
 0006:00000027       __67814C49_xiosbase        0041f027     Source.obj
 0006:00000028       __81695080_xlocnum         0041f028     Source.obj
 0006:00000029       __C5D93D68_ios             0041f029     Source.obj
 0006:0000002a       __AEC9589E_Source@cpp      0041f02a     Source.obj
 0006:0000002b       __6F2ED969_istream         0041f02b     Source.obj
 0006:0000002c       __0CFEEC53_ostream         0041f02c     Source.obj
 0006:0000002d       __478B04C4_streambuf       0041f02d     Source.obj
 0006:0000002e       __209E9CCB_iterator        0041f02e     Source.obj
 0006:0000002f       __B5D84571_iosfwd          0041f02f     Source.obj
 0006:00000030       __DE96A7F9_utility         0041f030     Source.obj
 0006:00000031       __298930EB_xstddef         0041f031     Source.obj
 0006:00000032       __C6690AF3_xatomic@h       0041f032     Source.obj
 0008:00000170       $R000000                   00421170     * linker generated manifest res *
